11:05:46.358 [main] INFO  api.test.UserTest - *****Creating User*******
11:05:50.093 [main] INFO  api.test.UserTest - **********User is Created**********
11:05:50.110 [main] INFO  api.test.UserTest - **********Reading User info**********
11:05:51.537 [main] INFO  api.test.UserTest - **********User info is displayed**********
11:05:51.548 [main] INFO  api.test.UserTest - **********Updating User**********
11:05:52.994 [main] INFO  api.test.UserTest - **********User is updated**********
11:05:54.397 [main] INFO  api.test.UserTest - **********Deleting User**********
11:05:55.778 [main] INFO  api.test.UserTest - **********User is Deleted**********
12:12:15.156 [main] INFO  api.test.UserTest2 - *****Creating User*******
12:12:18.782 [main] INFO  api.test.UserTest2 - **********User is Created**********
12:12:18.798 [main] INFO  api.test.UserTest2 - **********Reading User info**********
12:12:20.180 [main] INFO  api.test.UserTest2 - **********User info is displayed**********
12:12:20.194 [main] INFO  api.test.UserTest2 - **********Updating User**********
12:12:21.534 [main] INFO  api.test.UserTest2 - **********User is updated**********
12:12:22.886 [main] INFO  api.test.UserTest2 - **********Deleting User**********
12:12:24.215 [main] INFO  api.test.UserTest2 - **********User is Deleted**********
14:03:44.552 [main] INFO  api.test.UserTest - *****Creating User*******
14:03:47.051 [main] INFO  api.test.UserTest - **********User is Created**********
14:03:47.052 [main] INFO  api.test.UserTest - **********Reading User info**********
14:03:48.361 [main] INFO  api.test.UserTest - **********User info is displayed**********
14:03:48.363 [main] INFO  api.test.UserTest - **********Updating User**********
14:03:49.692 [main] INFO  api.test.UserTest - **********User is updated**********
14:03:51.038 [main] INFO  api.test.UserTest - **********Deleting User**********
14:03:52.358 [main] INFO  api.test.UserTest - **********User is Deleted**********
14:14:04.718 [main] INFO  api.test.UserTest - *****Creating User*******
14:14:06.171 [main] INFO  api.test.UserTest - **********User is Created**********
14:14:06.172 [main] INFO  api.test.UserTest - **********Reading User info**********
14:14:07.514 [main] INFO  api.test.UserTest - **********User info is displayed**********
14:14:07.519 [main] INFO  api.test.UserTest - **********Updating User**********
14:14:08.871 [main] INFO  api.test.UserTest - **********User is updated**********
14:14:10.259 [main] INFO  api.test.UserTest - **********Deleting User**********
14:14:11.636 [main] INFO  api.test.UserTest - **********User is Deleted**********
